
> rachaldeira@0.1.0 build
> next build

   Ôû▓ Next.js 15.5.12
   - Environments: .env.local

   Creating an optimized production build ...
 Ô£ô Compiled successfully in 3.4s
   Linting and checking validity of types ...
node.exe : Failed to compile.
No linha:1 caractere:1
+ & "C:\Program 
Files\nodejs/node.exe" 
"C:\Program 
Files\nodejs/node_mo ...
+ ~~~~~~~~~~~~~~~~~~~~~~~~~~~
~~~~~~~~~~~~~~~~~~~~~~~~~~~~~
~~~~~~~~~~~~~
    + CategoryInfo           
   : NotSpecified: (Failed   
  to compile.:String) [],    
 RemoteException
    + FullyQualifiedErrorId  
   : NativeCommandError
 

./app/admin/financeiro/financ
ial-transactions.tsx:164:61
Type error: Cannot find name 
'ArrowUpCircle'.

[0m [90m 162 |[39m        
                     
[33m<[39m[33mdiv[39m clas
sName[33m=[39m[32m"flex 
items-center 
gap-4"[39m[33m>[39m
 [90m 163 |[39m            
                     
[33m<[39m[33mdiv[39m clas
sName[33m=[39m{[32m`p-2 
rounded-full ${t.type === 
'income' ? 'bg-emerald-100 
text-emerald-600' : 
'bg-red-100 text-red-600'}`[
39m}[33m>[39m
[31m[1m>[22m[39m[90m 
164 |[39m                   
                  
{t[33m.[39mtype 
[33m===[39m 
[32m'income'[39m 
[33m?[39m [33m<[39m[33mA
rrowUpCircle[39m size[33m=
[39m{[35m20[39m} [35m/> : 
<ArrowDownCircle size={20} 
/[39m[33m>[39m}
 [90m     |[39m            
                             
                    
[31m[1m^[22m[39m
 [90m 165 |[39m            
                     [33m<[
39m[33m/[39m[33mdiv[39m[
33m>[39m
 [90m 166 |[39m            
                     [33m<[
39m[33mdiv[39m[33m>[39m
 [90m 167 |[39m            
                         
[33m<[39m[33mp[39m classN
ame[33m=[39m[32m"font-medi
um text-gray-900"[39m[33m>
[39m{t[33m.[39mdescription 
[33m||[39m t[33m.[39mcate
gory}[33m<[39m[33m/[39m[
33mp[39m[33m>[39m[0m
Next.js build worker exited 
with code: 1 and signal: null
